src/components/auth/SignupForm.tsx(462,9): error TS2304: Cannot find name 'toast'.
src/components/auth/SignupForm.tsx(511,7): error TS2304: Cannot find name 'toast'.
src/components/auth/SignupForm.tsx(517,7): error TS2304: Cannot find name 'toast'.
src/components/auth/SignupForm.tsx(599,9): error TS2304: Cannot find name 'toast'.
src/components/auth/SignupForm.tsx(604,9): error TS2304: Cannot find name 'toast'.
src/components/auth/SignupForm.tsx(612,7): error TS2304: Cannot find name 'toast'.
src/components/dashboard/DashboardHeader.tsx(71,59): error TS2339: Property 'id' does not exist on type 'UserProfile'.
src/components/dashboard/DashboardHeader.tsx(73,62): error TS2339: Property 'id' does not exist on type 'UserProfile'.
src/components/dashboard/DashboardHeader.tsx(73,72): error TS2339: Property 'id' does not exist on type 'UserProfile'.
src/components/dashboard/DashboardHeader.tsx(78,48): error TS2551: Property 'name' does not exist on type 'UserProfile'. Did you mean 'Name'?
src/components/dashboard/DashboardHeader.tsx(78,77): error TS2339: Property 'id' does not exist on type 'UserProfile'.
src/components/dashboard/DashboardHeader.tsx(82,39): error TS2551: Property 'age' does not exist on type 'UserProfile'. Did you mean 'Age'?
src/components/dashboard/DashboardHeader.tsx(85,46): error TS2551: Property 'marital_status' does not exist on type 'UserProfile'. Did you mean 'Marital_Status'?
src/components/dashboard/DashboardHeader.tsx(88,52): error TS2551: Property 'number_of_dependents' does not exist on type 'UserProfile'. Did you mean 'Number_of_Dependents'?
src/components/dashboard/DashboardHeader.tsx(88,115): error TS2551: Property 'number_of_dependents' does not exist on type 'UserProfile'. Did you mean 'Number_of_Dependents'?
src/components/dashboard/DashboardHeader.tsx(92,102): error TS2551: Property 'risk_tolerance' does not exist on type 'UserProfile'. Did you mean 'Risk_Tolerance'?
src/components/dashboard/DashboardHeader.tsx(94,46): error TS2551: Property 'risk_tolerance' does not exist on type 'UserProfile'. Did you mean 'Risk_Tolerance'?
src/components/debug/AdminDebug.tsx(13,47): error TS2339: Property 'id' does not exist on type 'UserProfile'.
src/components/debug/AdminDebug.tsx(14,52): error TS2551: Property 'name' does not exist on type 'UserProfile'. Did you mean 'Name'?
src/components/ui/chart.tsx(103,3): error TS2345: Argument of type '({ active, payload, className, indicator, hideLabel, hideIndicator, label, labelFormatter, labelClassName, formatter, color, nameKey, labelKey, }: { active?: boolean; payload?: any; className?: string; indicator?: "dot" | "line" | "dashed"; hideLabel?: boolean; hideIndicator?: boolean; label?: string; labelFormatter...' is not assignable to parameter of type 'ForwardRefRenderFunction<HTMLDivElement, Omit<Omit<Props<ValueType, NameType>, PropertiesReadFromContext> & { active?: boolean | undefined; ... 18 more ...; axisId?: AxisId | undefined; } & ClassAttributes<...> & HTMLAttributes<...> & { ...; }, "ref">>'.
  Types of parameters '__0' and 'props' are incompatible.
    Type 'Omit<Omit<Props<ValueType, NameType>, PropertiesReadFromContext> & { active?: boolean | undefined; includeHidden?: boolean | undefined; ... 17 more ...; axisId?: AxisId | undefined; } & ClassAttributes<...> & HTMLAttributes<...> & { ...; }, "ref">' is not assignable to type '{ active?: boolean | undefined; payload?: any; className?: string | undefined; indicator?: "line" | "dashed" | "dot" | undefined; hideLabel?: boolean | undefined; hideIndicator?: boolean | undefined; ... 6 more ...; labelKey?: string | undefined; }'.
      Types of property 'formatter' are incompatible.
        Type 'Formatter<ValueType, NameType> | undefined' is not assignable to type '((value: any, name: any) => any) | undefined'.
          Type 'Formatter<ValueType, NameType>' is not assignable to type '(value: any, name: any) => any'.
            Target signature provides too few arguments. Expected 5 or more, but got 2.
src/pages/RetirementCalculator.tsx(346,145): error TS2551: Property 'name' does not exist on type 'UserProfile'. Did you mean 'Name'?
src/services/dataService.ts(315,11): error TS1117: An object literal cannot have multiple properties with the same name.
src/services/dataService.ts(317,11): error TS1117: An object literal cannot have multiple properties with the same name.
src/services/dataService.ts(318,11): error TS1117: An object literal cannot have multiple properties with the same name.
src/services/dataService.ts(328,11): error TS1117: An object literal cannot have multiple properties with the same name.
